#
# There is insufficient memory for the Java Runtime Environment to continue.
# Native memory allocation (malloc) failed to allocate 32744 bytes. Error detail: Chunk::new
# Possible reasons:
#   The system is out of physical RAM or swap space
#   This process is running with CompressedOops enabled, and the Java Heap may be blocking the growth of the native heap
# Possible solutions:
#   Reduce memory load on the system
#   Increase physical memory or swap space
#   Check if swap backing store is full
#   Decrease Java heap size (-Xmx/-Xms)
#   Decrease number of Java threads
#   Decrease Java thread stack sizes (-Xss)
#   Set larger code cache with -XX:ReservedCodeCacheSize=
#   JVM is running with Zero Based Compressed Oops mode in which the Java heap is
#     placed in the first 32GB address space. The Java Heap base address is the
#     maximum limit for the native heap growth. Please use -XX:HeapBaseMinAddress
#     to set the Java Heap base and to place the Java Heap above 32GB virtual address.
# This output file may be truncated or incomplete.
#
#  Out of Memory Error (arena.cpp:168), pid=16484, tid=29440
#
# JRE version: OpenJDK Runtime Environment (21.0.8) (build 21.0.8+-14196175-b1038.72)
# Java VM: OpenJDK 64-Bit Server VM (21.0.8+-14196175-b1038.72, mixed mode, tiered, compressed oops, compressed class ptrs, g1 gc, windows-amd64)
# No core dump will be written. Minidumps are not enabled by default on client versions of Windows
#

---------------  S U M M A R Y ------------

Command Line: org.jetbrains.kotlin.cli.jvm.K2JVMCompiler @C:\Project-Group\expense-tracker-tut\app\build\20260123_8892257391055512762.compiler.options

Host: 11th Gen Intel(R) Core(TM) i5-1135G7 @ 2.40GHz, 8 cores, 15G,  Windows 11 , 64 bit Build 26100 (10.0.26100.7019)
Time: Fri Jan 23 11:40:43 2026 India Standard Time elapsed time: 16.076707 seconds (0d 0h 0m 16s)

---------------  T H R E A D  ---------------

Current thread (0x00000221df840ca0):  JavaThread "C1 CompilerThread0" daemon [_thread_in_native, id=29440, stack(0x000000de4e200000,0x000000de4e300000) (1024K)]


Current CompileTask:
C1:16076 11722       3       org.jetbrains.org.objectweb.asm.tree.analysis.Frame::execute (2125 bytes)

Stack: [0x000000de4e200000,0x000000de4e300000]
Native frames: (J=compiled Java code, j=interpreted, Vv=VM code, C=native code)
V  [jvm.dll+0x6d68d9]
V  [jvm.dll+0x866693]
V  [jvm.dll+0x868c4e]
V  [jvm.dll+0x869333]
V  [jvm.dll+0x280566]
V  [jvm.dll+0xc07cd]
V  [jvm.dll+0xc0d03]
V  [jvm.dll+0x1308cf]
V  [jvm.dll+0x183fab]
V  [jvm.dll+0x17b8de]
V  [jvm.dll+0x1697b0]
V  [jvm.dll+0x1517e7]
V  [jvm.dll+0x151118]
V  [jvm.dll+0x151356]
V  [jvm.dll+0x1506cf]
V  [jvm.dll+0x1524f1]
V  [jvm.dll+0x257f9e]
V  [jvm.dll+0x2564e6]
V  [jvm.dll+0x3f4696]
V  [jvm.dll+0x80eac8]
V  [jvm.dll+0x6d512d]
C  [ucrtbase.dll+0x37b0]
C  [KERNEL32.DLL+0x2e8d7]
C  [ntdll.dll+0x8c53c]


---------------  P R O C E S S  ---------------

Threads class SMR info:
_java_thread_list=0x00000221e4f82b70, length=12, elements={
0x00000221c589f8e0, 0x00000221df818e20, 0x00000221df827540, 0x00000221df828b10,
0x00000221df833900, 0x00000221df846870, 0x00000221df847e40, 0x00000221df84a350,
0x00000221df855770, 0x00000221df840ca0, 0x00000221df9fd140, 0x00000221e5486400
}

Java Threads: ( => current thread )
  0x00000221c589f8e0 JavaThread "main"                              [_thread_in_Java, id=14656, stack(0x000000de4d200000,0x000000de4d300000) (1024K)]
  0x00000221df818e20 JavaThread "Common-Cleaner"             daemon [_thread_blocked, id=17692, stack(0x000000de4da00000,0x000000de4db00000) (1024K)]
  0x00000221df827540 JavaThread "Reference Handler"          daemon [_thread_blocked, id=25316, stack(0x000000de4db00000,0x000000de4dc00000) (1024K)]
  0x00000221df828b10 JavaThread "Finalizer"                  daemon [_thread_blocked, id=14308, stack(0x000000de4dc00000,0x000000de4dd00000) (1024K)]
  0x00000221df833900 JavaThread "Signal Dispatcher"          daemon [_thread_blocked, id=18424, stack(0x000000de4dd00000,0x000000de4de00000) (1024K)]
  0x00000221df846870 JavaThread "Attach Listener"            daemon [_thread_blocked, id=27436, stack(0x000000de4de00000,0x000000de4df00000) (1024K)]
  0x00000221df847e40 JavaThread "Service Thread"             daemon [_thread_blocked, id=6728, stack(0x000000de4df00000,0x000000de4e000000) (1024K)]
  0x00000221df84a350 JavaThread "Monitor Deflation Thread"   daemon [_thread_blocked, id=12232, stack(0x000000de4e000000,0x000000de4e100000) (1024K)]
  0x00000221df855770 JavaThread "C2 CompilerThread0"         daemon [_thread_in_native, id=22512, stack(0x000000de4e100000,0x000000de4e200000) (1024K)]
=>0x00000221df840ca0 JavaThread "C1 CompilerThread0"         daemon [_thread_in_native, id=29440, stack(0x000000de4e200000,0x000000de4e300000) (1024K)]
  0x00000221df9fd140 JavaThread "Notification Thread"        daemon [_thread_blocked, id=17740, stack(0x000000de4e300000,0x000000de4e400000) (1024K)]
  0x00000221e5486400 JavaThread "C2 CompilerThread1"         daemon [_thread_in_native, id=12832, stack(0x000000de4e400000,0x000000de4e500000) (1024K)]
Total: 12

Other Threads:
  0x00000221df65e750 VMThread "VM Thread"                           [id=21300, stack(0x000000de4d900000,0x000000de4da00000) (1024K)]
  0x00000221df606c20 WatcherThread "VM Periodic Task Thread"        [id=16952, stack(0x000000de4d800000,0x000000de4d900000) (1024K)]
  0x00000221c5900ce0 WorkerThread "GC Thread#0"                     [id=4296, stack(0x000000de4d300000,0x000000de4d400000) (1024K)]
  0x00000221e45522c0 WorkerThread "GC Thread#1"                     [id=17160, stack(0x000000de4e500000,0x000000de4e600000) (1024K)]
  0x00000221e4552660 WorkerThread "GC Thread#2"                     [id=28212, stack(0x000000de4e600000,0x000000de4e700000) (1024K)]
  0x00000221e4552a00 WorkerThread "GC Thread#3"                     [id=1228, stack(0x000000de4e700000,0x000000de4e800000) (1024K)]
  0x00000221e4552da0 WorkerThread "GC Thread#4"                     [id=19668, stack(0x000000de4e800000,0x000000de4e900000) (1024K)]
  0x00000221e4553140 WorkerThread "GC Thread#5"                     [id=24064, stack(0x000000de4e900000,0x000000de4ea00000) (1024K)]
  0x00000221e46a6950 WorkerThread "GC Thread#6"                     [id=29152, stack(0x000000de4ea00000,0x000000de4eb00000) (1024K)]
  0x00000221e46a4ff0 WorkerThread "GC Thread#7"                     [id=9156, stack(0x000000de4eb00000,0x000000de4ec00000) (1024K)]
  0x00000221c59117c0 ConcurrentGCThread "G1 Main Marker"            [id=17688, stack(0x000000de4d400000,0x000000de4d500000) (1024K)]
  0x00000221c5913810 WorkerThread "G1 Conc#0"                       [id=26908, stack(0x000000de4d500000,0x000000de4d600000) (1024K)]
  0x00000221e46a5390 WorkerThread "G1 Conc#1"                       [id=22492, stack(0x000000de4ec00000,0x000000de4ed00000) (1024K)]
  0x00000221df4d6370 ConcurrentGCThread "G1 Refine#0"               [id=20696, stack(0x000000de4d600000,0x000000de4d700000) (1024K)]
  0x00000221df4d7c90 ConcurrentGCThread "G1 Service"                [id=14388, stack(0x000000de4d700000,0x000000de4d800000) (1024K)]
Total: 15

Threads with active compile tasks:
C2 CompilerThread0  21126 11585       4       org.jetbrains.kotlin.types.AbstractTypeMapper::mapType (561 bytes)
C1 CompilerThread0  21126 11722       3       org.jetbrains.org.objectweb.asm.tree.analysis.Frame::execute (2125 bytes)
C2 CompilerThread1  21126 11586       4       org.jetbrains.kotlin.load.kotlin.TypeSignatureMappingKt::mapBuiltInType (336 bytes)
Total: 3

VM state: not at safepoint (normal execution)

VM Mutex/Monitor currently owned by a thread: None

Heap address: 0x0000000704000000, size: 4032 MB, Compressed Oops mode: Zero based, Oop shift amount: 3

CDS archive(s) not mapped
Compressed class space mapped at: 0x0000000800000000-0x0000000840000000, reserved size: 1073741824
Narrow klass base: 0x0000000800000000, Narrow klass shift: 0, Narrow klass range: 0x40000000

GC Precious Log:
 CardTable entry size: 512
 Card Set container configuration: InlinePtr #cards 4 size 8 Array Of Cards #cards 16 size 48 Howl #buckets 8 coarsen threshold 3686 Howl Bitmap #cards 512 size 80 coarsen threshold 460 Card regions per heap region 1 cards per card region 4096
 CPUs: 8 total, 8 available
 Memory: 16126M
 Large Page Support: Disabled
 NUMA Support: Disabled
 Compressed Oops: Enabled (Zero based)
 Heap Region Size: 2M
 Heap Min Capacity: 8M
 Heap Initial Capacity: 252M
 Heap Max Capacity: 4032M
 Pre-touch: Disabled
 Parallel Workers: 8
 Concurrent Workers: 2
 Concurrent Refinement Workers: 8
 Periodic GC: Disabled

Heap:
 garbage-first heap   total 184320K, used 114145K [0x0000000704000000, 0x0000000800000000)
  region size 2048K, 12 young (24576K), 3 survivors (6144K)
 Metaspace       used 86598K, committed 86976K, reserved 1179648K
  class space    used 9372K, committed 9536K, reserved 1048576K

Heap Regions: E=young(eden), S=young(survivor), O=old, HS=humongous(starts), HC=humongous(continues), CS=collection set, F=free, TAMS=top-at-mark-start, PB=parsable bottom
|   0|0x0000000704000000, 0x0000000704200000, 0x0000000704200000|100%|HS|  |TAMS 0x0000000704000000| PB 0x0000000704000000| Complete 
|   1|0x0000000704200000, 0x0000000704400000, 0x0000000704400000|100%|HC|  |TAMS 0x0000000704200000| PB 0x0000000704200000| Complete 
|   2|0x0000000704400000, 0x0000000704600000, 0x0000000704600000|100%| O|  |TAMS 0x0000000704400000| PB 0x0000000704400000| Untracked 
|   3|0x0000000704600000, 0x0000000704800000, 0x0000000704800000|100%| O|  |TAMS 0x0000000704600000| PB 0x0000000704600000| Untracked 
|   4|0x0000000704800000, 0x0000000704a00000, 0x0000000704a00000|100%| O|  |TAMS 0x0000000704800000| PB 0x0000000704800000| Untracked 
|   5|0x0000000704a00000, 0x0000000704c00000, 0x0000000704c00000|100%| O|  |TAMS 0x0000000704a00000| PB 0x0000000704a00000| Untracked 
|   6|0x0000000704c00000, 0x0000000704e00000, 0x0000000704e00000|100%| O|  |TAMS 0x0000000704c00000| PB 0x0000000704c00000| Untracked 
|   7|0x0000000704e00000, 0x0000000705000000, 0x0000000705000000|100%| O|  |TAMS 0x0000000704e00000| PB 0x0000000704e00000| Untracked 
|   8|0x0000000705000000, 0x0000000705200000, 0x0000000705200000|100%| O|  |TAMS 0x0000000705000000| PB 0x0000000705000000| Untracked 
|   9|0x0000000705200000, 0x0000000705400000, 0x0000000705400000|100%| O|  |TAMS 0x0000000705200000| PB 0x0000000705200000| Untracked 
|  10|0x0000000705400000, 0x0000000705600000, 0x0000000705600000|100%| O|  |TAMS 0x0000000705400000| PB 0x0000000705400000| Untracked 
|  11|0x0000000705600000, 0x0000000705800000, 0x0000000705800000|100%| O|  |TAMS 0x0000000705600000| PB 0x0000000705600000| Untracked 
|  12|0x0000000705800000, 0x0000000705a00000, 0x0000000705a00000|100%| O|  |TAMS 0x0000000705800000| PB 0x0000000705800000| Untracked 
|  13|0x0000000705a00000, 0x0000000705c00000, 0x0000000705c00000|100%| O|  |TAMS 0x0000000705a00000| PB 0x0000000705a00000| Untracked 
|  14|0x0000000705c00000, 0x0000000705e00000, 0x0000000705e00000|100%| O|  |TAMS 0x0000000705c00000| PB 0x0000000705c00000| Untracked 
|  15|0x0000000705e00000, 0x0000000706000000, 0x0000000706000000|100%| O|  |TAMS 0x0000000705e00000| PB 0x0000000705e00000| Untracked 
|  16|0x0000000706000000, 0x0000000706200000, 0x0000000706200000|100%| O|  |TAMS 0x0000000706000000| PB 0x0000000706000000| Untracked 
|  17|0x0000000706200000, 0x0000000706400000, 0x0000000706400000|100%| O|  |TAMS 0x0000000706200000| PB 0x0000000706200000| Untracked 
|  18|0x0000000706400000, 0x0000000706600000, 0x0000000706600000|100%| O|  |TAMS 0x0000000706400000| PB 0x0000000706400000| Untracked 
|  19|0x0000000706600000, 0x0000000706800000, 0x0000000706800000|100%| O|  |TAMS 0x0000000706600000| PB 0x0000000706600000| Untracked 
|  20|0x0000000706800000, 0x0000000706a00000, 0x0000000706a00000|100%| O|  |TAMS 0x0000000706800000| PB 0x0000000706800000| Untracked 
|  21|0x0000000706a00000, 0x0000000706c00000, 0x0000000706c00000|100%| O|  |TAMS 0x0000000706a00000| PB 0x0000000706a00000| Untracked 
|  22|0x0000000706c00000, 0x0000000706e00000, 0x0000000706e00000|100%| O|  |TAMS 0x0000000706c00000| PB 0x0000000706c00000| Untracked 
|  23|0x0000000706e00000, 0x0000000707000000, 0x0000000707000000|100%| O|  |TAMS 0x0000000706e00000| PB 0x0000000706e00000| Untracked 
|  24|0x0000000707000000, 0x0000000707200000, 0x0000000707200000|100%| O|  |TAMS 0x0000000707000000| PB 0x0000000707000000| Untracked 
|  25|0x0000000707200000, 0x0000000707400000, 0x0000000707400000|100%| O|  |TAMS 0x0000000707200000| PB 0x0000000707200000| Untracked 
|  26|0x0000000707400000, 0x0000000707600000, 0x0000000707600000|100%| O|  |TAMS 0x0000000707400000| PB 0x0000000707400000| Untracked 
|  27|0x0000000707600000, 0x0000000707800000, 0x0000000707800000|100%| O|  |TAMS 0x0000000707600000| PB 0x0000000707600000| Untracked 
|  28|0x0000000707800000, 0x0000000707a00000, 0x0000000707a00000|100%| O|  |TAMS 0x0000000707800000| PB 0x0000000707800000| Untracked 
|  29|0x0000000707a00000, 0x0000000707c00000, 0x0000000707c00000|100%| O|  |TAMS 0x0000000707a00000| PB 0x0000000707a00000| Untracked 
|  30|0x0000000707c00000, 0x0000000707e00000, 0x0000000707e00000|100%| O|  |TAMS 0x0000000707c00000| PB 0x0000000707c00000| Untracked 
|  31|0x0000000707e00000, 0x0000000708000000, 0x0000000708000000|100%| O|  |TAMS 0x0000000707e00000| PB 0x0000000707e00000| Untracked 
|  32|0x0000000708000000, 0x0000000708200000, 0x0000000708200000|100%| O|  |TAMS 0x0000000708000000| PB 0x0000000708000000| Untracked 
|  33|0x0000000708200000, 0x0000000708400000, 0x0000000708400000|100%| O|  |TAMS 0x0000000708200000| PB 0x0000000708200000| Untracked 
|  34|0x0000000708400000, 0x0000000708600000, 0x0000000708600000|100%| O|  |TAMS 0x0000000708400000| PB 0x0000000708400000| Untracked 
|  35|0x0000000708600000, 0x0000000708800000, 0x0000000708800000|100%| O|  |TAMS 0x0000000708600000| PB 0x0000000708600000| Untracked 
|  36|0x0000000708800000, 0x0000000708a00000, 0x0000000708a00000|100%| O|  |TAMS 0x0000000708800000| PB 0x0000000708800000| Untracked 
|  37|0x0000000708a00000, 0x0000000708c00000, 0x0000000708c00000|100%| O|  |TAMS 0x0000000708a00000| PB 0x0000000708a00000| Untracked 
|  38|0x0000000708c00000, 0x0000000708e00000, 0x0000000708e00000|100%| O|  |TAMS 0x0000000708c00000| PB 0x0000000708c00000| Untracked 
|  39|0x0000000708e00000, 0x0000000709000000, 0x0000000709000000|100%| O|  |TAMS 0x0000000708e00000| PB 0x0000000708e00000| Untracked 
|  40|0x0000000709000000, 0x0000000709200000, 0x0000000709200000|100%| O|  |TAMS 0x0000000709000000| PB 0x0000000709000000| Untracked 
|  41|0x0000000709200000, 0x0000000709400000, 0x0000000709400000|100%| O|  |TAMS 0x0000000709200000| PB 0x0000000709200000| Untracked 
|  42|0x0000000709400000, 0x0000000709600000, 0x0000000709600000|100%| O|  |TAMS 0x0000000709400000| PB 0x0000000709400000| Untracked 
|  43|0x0000000709600000, 0x0000000709800000, 0x0000000709800000|100%| O|  |TAMS 0x0000000709600000| PB 0x0000000709600000| Untracked 
|  44|0x0000000709800000, 0x0000000709999a28, 0x0000000709a00000| 80%| O|  |TAMS 0x0000000709800000| PB 0x0000000709800000| Untracked 
|  45|0x0000000709a00000, 0x0000000709a00000, 0x0000000709c00000|  0%| F|  |TAMS 0x0000000709a00000| PB 0x0000000709a00000| Untracked 
|  46|0x0000000709c00000, 0x0000000709c00000, 0x0000000709e00000|  0%| F|  |TAMS 0x0000000709c00000| PB 0x0000000709c00000| Untracked 
|  47|0x0000000709e00000, 0x0000000709e00000, 0x000000070a000000|  0%| F|  |TAMS 0x0000000709e00000| PB 0x0000000709e00000| Untracked 
|  48|0x000000070a000000, 0x000000070a000000, 0x000000070a200000|  0%| F|  |TAMS 0x000000070a000000| PB 0x000000070a000000| Untracked 
|  49|0x000000070a200000, 0x000000070a200000, 0x000000070a400000|  0%| F|  |TAMS 0x000000070a200000| PB 0x000000070a200000| Untracked 
|  50|0x000000070a400000, 0x000000070a400000, 0x000000070a600000|  0%| F|  |TAMS 0x000000070a400000| PB 0x000000070a400000| Untracked 
|  51|0x000000070a600000, 0x000000070a600000, 0x000000070a800000|  0%| F|  |TAMS 0x000000070a600000| PB 0x000000070a600000| Untracked 
|  52|0x000000070a800000, 0x000000070a800000, 0x000000070aa00000|  0%| F|  |TAMS 0x000000070a800000| PB 0x000000070a800000| Untracked 
|  53|0x000000070aa00000, 0x000000070aa00000, 0x000000070ac00000|  0%| F|  |TAMS 0x000000070aa00000| PB 0x000000070aa00000| Untracked 
|  54|0x000000070ac00000, 0x000000070ac00000, 0x000000070ae00000|  0%| F|  |TAMS 0x000000070ac00000| PB 0x000000070ac00000| Untracked 
|  55|0x000000070ae00000, 0x000000070ae00000, 0x000000070b000000|  0%| F|  |TAMS 0x000000070ae00000| PB 0x000000070ae00000| Untracked 
|  56|0x000000070b000000, 0x000000070b000000, 0x000000070b200000|  0%| F|  |TAMS 0x000000070b000000| PB 0x000000070b000000| Untracked 
|  57|0x000000070b200000, 0x000000070b3dea40, 0x000000070b400000| 93%| S|CS|TAMS 0x000000070b200000| PB 0x000000070b200000| Complete 
|  58|0x000000070b400000, 0x000000070b600000, 0x000000070b600000|100%| S|CS|TAMS 0x000000070b400000| PB 0x000000070b400000| Complete 
|  59|0x000000070b600000, 0x000000070b800000, 0x000000070b800000|100%| S|CS|TAMS 0x000000070b600000| PB 0x000000070b600000| Complete 
|  60|0x000000070b800000, 0x000000070b800000, 0x000000070ba00000|  0%| F|  |TAMS 0x000000070b800000| PB 0x000000070b800000| Untracked 
|  61|0x000000070ba00000, 0x000000070ba00000, 0x000000070bc00000|  0%| F|  |TAMS 0x000000070ba00000| PB 0x000000070ba00000| Untracked 
|  62|0x000000070bc00000, 0x000000070bc00000, 0x000000070be00000|  0%| F|  |TAMS 0x000000070bc00000| PB 0x000000070bc00000| Untracked 
|  63|0x000000070be00000, 0x000000070be00000, 0x000000070c000000|  0%| F|  |TAMS 0x000000070be00000| PB 0x000000070be00000| Untracked 
|  64|0x000000070c000000, 0x000000070c000000, 0x000000070c200000|  0%| F|  |TAMS 0x000000070c000000| PB 0x000000070c000000| Untracked 
|  65|0x000000070c200000, 0x000000070c200000, 0x000000070c400000|  0%| F|  |TAMS 0x000000070c200000| PB 0x000000070c200000| Untracked 
|  66|0x000000070c400000, 0x000000070c400000, 0x000000070c600000|  0%| F|  |TAMS 0x000000070c400000| PB 0x000000070c400000| Untracked 
|  67|0x000000070c600000, 0x000000070c600000, 0x000000070c800000|  0%| F|  |TAMS 0x000000070c600000| PB 0x000000070c600000| Untracked 
|  68|0x000000070c800000, 0x000000070c800000, 0x000000070ca00000|  0%| F|  |TAMS 0x000000070c800000| PB 0x000000070c800000| Untracked 
|  69|0x000000070ca00000, 0x000000070ca00000, 0x000000070cc00000|  0%| F|  |TAMS 0x000000070ca00000| PB 0x000000070ca00000| Untracked 
|  70|0x000000070cc00000, 0x000000070cc00000, 0x000000070ce00000|  0%| F|  |TAMS 0x000000070cc00000| PB 0x000000070cc00000| Untracked 
|  71|0x000000070ce00000, 0x000000070ce00000, 0x000000070d000000|  0%| F|  |TAMS 0x000000070ce00000| PB 0x000000070ce00000| Untracked 
|  72|0x000000070d000000, 0x000000070d000000, 0x000000070d200000|  0%| F|  |TAMS 0x000000070d000000| PB 0x000000070d000000| Untracked 
|  73|0x000000070d200000, 0x000000070d200000, 0x000000070d400000|  0%| F|  |TAMS 0x000000070d200000| PB 0x000000070d200000| Untracked 
|  74|0x000000070d400000, 0x000000070d400000, 0x000000070d600000|  0%| F|  |TAMS 0x000000070d400000| PB 0x000000070d400000| Untracked 
|  75|0x000000070d600000, 0x000000070d600000, 0x000000070d800000|  0%| F|  |TAMS 0x000000070d600000| PB 0x000000070d600000| Untracked 
|  76|0x000000070d800000, 0x000000070d800000, 0x000000070da00000|  0%| F|  |TAMS 0x000000070d800000| PB 0x000000070d800000| Untracked 
|  77|0x000000070da00000, 0x000000070da00000, 0x000000070dc00000|  0%| F|  |TAMS 0x000000070da00000| PB 0x000000070da00000| Untracked 
|  78|0x000000070dc00000, 0x000000070dc00000, 0x000000070de00000|  0%| F|  |TAMS 0x000000070dc00000| PB 0x000000070dc00000| Untracked 
|  79|0x000000070de00000, 0x000000070de00000, 0x000000070e000000|  0%| F|  |TAMS 0x000000070de00000| PB 0x000000070de00000| Untracked 
|  80|0x000000070e000000, 0x000000070e000000, 0x000000070e200000|  0%| F|  |TAMS 0x000000070e000000| PB 0x000000070e000000| Untracked 
|  81|0x000000070e200000, 0x000000070e300000, 0x000000070e400000| 50%| E|  |TAMS 0x000000070e200000| PB 0x000000070e200000| Complete 
|  82|0x000000070e400000, 0x000000070e600000, 0x000000070e600000|100%| E|CS|TAMS 0x000000070e400000| PB 0x000000070e400000| Complete 
|  83|0x000000070e600000, 0x000000070e800000, 0x000000070e800000|100%| E|CS|TAMS 0x000000070e600000| PB 0x000000070e600000| Complete 
|  84|0x000000070e800000, 0x000000070ea00000, 0x000000070ea00000|100%| E|CS|TAMS 0x000000070e800000| PB 0x000000070e800000| Complete 
|  85|0x000000070ea00000, 0x000000070ec00000, 0x000000070ec00000|100%| E|CS|TAMS 0x000000070ea00000| PB 0x000000070ea00000| Complete 
| 109|0x0000000711a00000, 0x0000000711c00000, 0x0000000711c00000|100%| E|CS|TAMS 0x0000000711a00000| PB 0x0000000711a00000| Complete 
| 110|0x0000000711c00000, 0x0000000711e00000, 0x0000000711e00000|100%| E|CS|TAMS 0x0000000711c00000| PB 0x0000000711c00000| Complete 
| 111|0x0000000711e00000, 0x0000000712000000, 0x0000000712000000|100%| E|CS|TAMS 0x0000000711e00000| PB 0x0000000711e00000| Complete 
| 125|0x0000000713a00000, 0x0000000713c00000, 0x0000000713c00000|100%| E|CS|TAMS 0x0000000713a00000| PB 0x0000000713a00000| Complete 

Card table byte_map: [0x00000221d8500000,0x00000221d8ce0000] _byte_map_base: 0x00000221d4ce0000

Marking Bits: (CMBitMap*) 0x00000221c59012e0
 Bits: [0x00000221d8ce0000, 0x00000221dcbe0000)

Polling page: 0x00000221c4eb0000

Metaspace:

Usage:
  Non-class:     75.42 MB used.
      Class:      9.15 MB used.
       Both:     84.57 MB used.

Virtual space:
  Non-class space:      128.00 MB reserved,      75.62 MB ( 59%) committed,  2 nodes.
      Class space:        1.00 GB reserved,       9.31 MB ( <1%) committed,  1 nodes.
             Both:        1.12 GB reserved,      84.94 MB (  7%) committed. 

Chunk freelists:
   Non-Class:  4.31 MB
       Class:  6.50 MB
        Both:  10.82 MB

MaxMetaspaceSize: unlimited
CompressedClassSpaceSize: 1.00 GB
Initial GC threshold: 21.00 MB
Current GC threshold: 98.38 MB
CDS: off
 - commit_granule_bytes: 65536.
 - commit_granule_words: 8192.
 - virtual_space_node_default_size: 8388608.
 - enlarge_chunks_in_place: 1.
 - use_allocation_guard: 0.


Internal statistics:

num_allocs_failed_limit: 9.
num_arena_births: 416.
num_arena_deaths: 0.
num_vsnodes_births: 3.
num_vsnodes_deaths: 0.
num_space_committed: 1358.
num_space_uncommitted: 0.
num_chunks_returned_to_freelist: 9.
num_chunks_taken_from_freelist: 3168.
num_chunk_merges: 9.
num_chunk_splits: 2615.
num_chunks_enlarged: 2354.
num_inconsistent_stats: 0.

CodeHeap 'non-profiled nmethods': size=120000Kb used=6639Kb max_used=6639Kb free=113360Kb
 bounds [0x00000221d04c0000, 0x00000221d0b40000, 0x00000221d79f0000]
CodeHeap 'profiled nmethods': size=120000Kb used=39422Kb max_used=39422Kb free=80577Kb
 bounds [0x00000221c89f0000, 0x00000221cb070000, 0x00000221cff20000]
CodeHeap 'non-nmethods': size=5760Kb used=2068Kb max_used=2128Kb free=3691Kb
 bounds [0x00000221cff20000, 0x00000221d0190000, 0x00000221d04c0000]
CodeCache: size=245760Kb, used=48129Kb, max_used=48189Kb, free=197628Kb
 total_blobs=12245, nmethods=11419, adapters=726, full_count=0
Compilation: enabled, stopped_count=0, restarted_count=0

Compilation events (20 events):
Event: 11.043 Thread 0x00000221df840ca0 nmethod 11710 0x00000221d0b3a690 code [0x00000221d0b3a820, 0x00000221d0b3a8d0]
Event: 11.043 Thread 0x00000221df840ca0 11711       3       org.jetbrains.org.objectweb.asm.commons.LocalVariablesSorter::remap (118 bytes)
Event: 11.044 Thread 0x00000221df840ca0 nmethod 11711 0x00000221cb06c390 code [0x00000221cb06c5a0, 0x00000221cb06cc18]
Event: 11.044 Thread 0x00000221df840ca0 11712       3       org.jetbrains.kotlin.codegen.inline.TypeRemapper::map (42 bytes)
Event: 11.044 Thread 0x00000221df840ca0 nmethod 11712 0x00000221cb06cf10 code [0x00000221cb06d160, 0x00000221cb06db20]
Event: 11.044 Thread 0x00000221df840ca0 11713       3       org.jetbrains.org.objectweb.asm.tree.FieldInsnNode::<init> (22 bytes)
Event: 11.044 Thread 0x00000221df840ca0 nmethod 11713 0x00000221cb06de10 code [0x00000221cb06dfc0, 0x00000221cb06e2b8]
Event: 11.044 Thread 0x00000221df840ca0 11716       3       org.jetbrains.kotlin.codegen.inline.MethodInliner$prepareNode$transformationVisitor$1::getNewIndex (129 bytes)
Event: 12.048 Thread 0x00000221df840ca0 nmethod 11716 0x00000221cb06e410 code [0x00000221cb06e640, 0x00000221cb06edc8]
Event: 12.048 Thread 0x00000221df840ca0 11714       3       org.jetbrains.org.objectweb.asm.MethodVisitor::visitTypeInsn (17 bytes)
Event: 12.048 Thread 0x00000221df840ca0 nmethod 11714 0x00000221cb06f110 code [0x00000221cb06f2c0, 0x00000221cb06f4d0]
Event: 12.048 Thread 0x00000221df840ca0 11715       3       org.jetbrains.org.objectweb.asm.tree.FieldInsnNode::accept (26 bytes)
Event: 12.048 Thread 0x00000221df840ca0 nmethod 11715 0x00000221cb06f590 code [0x00000221cb06f740, 0x00000221cb06f990]
Event: 12.048 Thread 0x00000221df840ca0 11717       1       org.jetbrains.kotlin.backend.jvm.codegen.IrExpressionLambdaImpl::isExtensionLambda (5 bytes)
Event: 12.048 Thread 0x00000221df840ca0 nmethod 11717 0x00000221d0b3a990 code [0x00000221d0b3ab20, 0x00000221d0b3abf0]
Event: 12.048 Thread 0x00000221df840ca0 11718       1       org.jetbrains.kotlin.backend.jvm.codegen.IrExpressionLambdaImpl::getInvokeMethod (5 bytes)
Event: 12.048 Thread 0x00000221df840ca0 nmethod 11718 0x00000221d0b3ac90 code [0x00000221d0b3ae20, 0x00000221d0b3aef0]
Event: 12.048 Thread 0x00000221df840ca0 11720       1       org.jetbrains.kotlin.codegen.inline.MethodInliner::access$getParameters$p (5 bytes)
Event: 12.048 Thread 0x00000221df840ca0 nmethod 11720 0x00000221d0b3af90 code [0x00000221d0b3b120, 0x00000221d0b3b1d0]
Event: 14.056 Thread 0x00000221df840ca0 11722       3       org.jetbrains.org.objectweb.asm.tree.analysis.Frame::execute (2125 bytes)

GC Heap History (20 events):
Event: 1.959 GC heap before
{Heap before GC invocations=5 (full 0):
 garbage-first heap   total 47104K, used 33542K [0x0000000704000000, 0x0000000800000000)
  region size 2048K, 9 young (18432K), 1 survivors (2048K)
 Metaspace       used 33990K, committed 34240K, reserved 1114112K
  class space    used 4223K, committed 4352K, reserved 1048576K
}
Event: 1.962 GC heap after
{Heap after GC invocations=6 (full 0):
 garbage-first heap   total 47104K, used 17455K [0x0000000704000000, 0x0000000800000000)
  region size 2048K, 2 young (4096K), 2 survivors (4096K)
 Metaspace       used 33990K, committed 34240K, reserved 1114112K
  class space    used 4223K, committed 4352K, reserved 1048576K
}
Event: 2.089 GC heap before
{Heap before GC invocations=6 (full 0):
 garbage-first heap   total 47104K, used 23599K [0x0000000704000000, 0x0000000800000000)
  region size 2048K, 7 young (14336K), 2 survivors (4096K)
 Metaspace       used 35725K, committed 35968K, reserved 1114112K
  class space    used 4428K, committed 4544K, reserved 1048576K
}
Event: 2.093 GC heap after
{Heap after GC invocations=7 (full 0):
 garbage-first heap   total 47104K, used 18848K [0x0000000704000000, 0x0000000800000000)
  region size 2048K, 2 young (4096K), 2 survivors (4096K)
 Metaspace       used 35725K, committed 35968K, reserved 1114112K
  class space    used 4428K, committed 4544K, reserved 1048576K
}
Event: 2.292 GC heap before
{Heap before GC invocations=8 (full 0):
 garbage-first heap   total 47104K, used 33184K [0x0000000704000000, 0x0000000800000000)
  region size 2048K, 10 young (20480K), 2 survivors (4096K)
 Metaspace       used 39754K, committed 40000K, reserved 1114112K
  class space    used 4832K, committed 4928K, reserved 1048576K
}
Event: 2.297 GC heap after
{Heap after GC invocations=9 (full 0):
 garbage-first heap   total 153600K, used 19430K [0x0000000704000000, 0x0000000800000000)
  region size 2048K, 2 young (4096K), 2 survivors (4096K)
 Metaspace       used 39754K, committed 40000K, reserved 1114112K
  class space    used 4832K, committed 4928K, reserved 1048576K
}
Event: 3.550 GC heap before
{Heap before GC invocations=9 (full 0):
 garbage-first heap   total 153600K, used 105446K [0x0000000704000000, 0x0000000800000000)
  region size 2048K, 45 young (92160K), 2 survivors (4096K)
 Metaspace       used 49840K, committed 50112K, reserved 1114112K
  class space    used 5856K, committed 5952K, reserved 1048576K
}
Event: 3.573 GC heap after
{Heap after GC invocations=10 (full 0):
 garbage-first heap   total 153600K, used 39540K [0x0000000704000000, 0x0000000800000000)
  region size 2048K, 6 young (12288K), 6 survivors (12288K)
 Metaspace       used 49840K, committed 50112K, reserved 1114112K
  class space    used 5856K, committed 5952K, reserved 1048576K
}
Event: 4.653 GC heap before
{Heap before GC invocations=10 (full 0):
 garbage-first heap   total 153600K, used 100980K [0x0000000704000000, 0x0000000800000000)
  region size 2048K, 36 young (73728K), 6 survivors (12288K)
 Metaspace       used 54869K, committed 55232K, reserved 1114112K
  class space    used 6431K, committed 6592K, reserved 1048576K
}
Event: 4.676 GC heap after
{Heap after GC invocations=11 (full 0):
 garbage-first heap   total 153600K, used 53248K [0x0000000704000000, 0x0000000800000000)
  region size 2048K, 5 young (10240K), 5 survivors (10240K)
 Metaspace       used 54869K, committed 55232K, reserved 1114112K
  class space    used 6431K, committed 6592K, reserved 1048576K
}
Event: 5.594 GC heap before
{Heap before GC invocations=11 (full 0):
 garbage-first heap   total 153600K, used 108544K [0x0000000704000000, 0x0000000800000000)
  region size 2048K, 32 young (65536K), 5 survivors (10240K)
 Metaspace       used 59716K, committed 60032K, reserved 1114112K
  class space    used 6932K, committed 7104K, reserved 1048576K
}
Event: 5.611 GC heap after
{Heap after GC invocations=12 (full 0):
 garbage-first heap   total 153600K, used 62464K [0x0000000704000000, 0x0000000800000000)
  region size 2048K, 4 young (8192K), 4 survivors (8192K)
 Metaspace       used 59716K, committed 60032K, reserved 1114112K
  class space    used 6932K, committed 7104K, reserved 1048576K
}
Event: 5.728 GC heap before
{Heap before GC invocations=12 (full 0):
 garbage-first heap   total 153600K, used 68608K [0x0000000704000000, 0x0000000800000000)
  region size 2048K, 8 young (16384K), 4 survivors (8192K)
 Metaspace       used 59983K, committed 60288K, reserved 1114112K
  class space    used 6942K, committed 7104K, reserved 1048576K
}
Event: 5.735 GC heap after
{Heap after GC invocations=13 (full 0):
 garbage-first heap   total 184320K, used 64649K [0x0000000704000000, 0x0000000800000000)
  region size 2048K, 1 young (2048K), 1 survivors (2048K)
 Metaspace       used 59983K, committed 60288K, reserved 1114112K
  class space    used 6942K, committed 7104K, reserved 1048576K
}
Event: 6.958 GC heap before
{Heap before GC invocations=14 (full 0):
 garbage-first heap   total 184320K, used 144521K [0x0000000704000000, 0x0000000800000000)
  region size 2048K, 40 young (81920K), 1 survivors (2048K)
 Metaspace       used 67495K, committed 67840K, reserved 1114112K
  class space    used 7644K, committed 7808K, reserved 1048576K
}
Event: 6.976 GC heap after
{Heap after GC invocations=15 (full 0):
 garbage-first heap   total 184320K, used 79872K [0x0000000704000000, 0x0000000800000000)
  region size 2048K, 5 young (10240K), 5 survivors (10240K)
 Metaspace       used 67495K, committed 67840K, reserved 1114112K
  class space    used 7644K, committed 7808K, reserved 1048576K
}
Event: 8.153 GC heap before
{Heap before GC invocations=15 (full 0):
 garbage-first heap   total 184320K, used 149504K [0x0000000704000000, 0x0000000800000000)
  region size 2048K, 39 young (79872K), 5 survivors (10240K)
 Metaspace       used 72276K, committed 72576K, reserved 1114112K
  class space    used 8058K, committed 8192K, reserved 1048576K
}
Event: 8.177 GC heap after
{Heap after GC invocations=16 (full 0):
 garbage-first heap   total 184320K, used 91419K [0x0000000704000000, 0x0000000800000000)
  region size 2048K, 5 young (10240K), 5 survivors (10240K)
 Metaspace       used 72276K, committed 72576K, reserved 1114112K
  class space    used 8058K, committed 8192K, reserved 1048576K
}
Event: 10.686 GC heap before
{Heap before GC invocations=16 (full 0):
 garbage-first heap   total 184320K, used 152859K [0x0000000704000000, 0x0000000800000000)
  region size 2048K, 35 young (71680K), 5 survivors (10240K)
 Metaspace       used 84095K, committed 84480K, reserved 1179648K
  class space    used 9139K, committed 9344K, reserved 1048576K
}
Event: 10.699 GC heap after
{Heap after GC invocations=17 (full 0):
 garbage-first heap   total 184320K, used 97761K [0x0000000704000000, 0x0000000800000000)
  region size 2048K, 3 young (6144K), 3 survivors (6144K)
 Metaspace       used 84095K, committed 84480K, reserved 1179648K
  class space    used 9139K, committed 9344K, reserved 1048576K
}

Dll operation events (3 events):
Event: 0.016 Loaded shared library C:\Program Files\Android\Android Studio1\jbr\bin\java.dll
Event: 0.025 Loaded shared library C:\Program Files\Android\Android Studio1\jbr\bin\zip.dll
Event: 1.197 Loaded shared library C:\Program Files\Android\Android Studio1\jbr\bin\verify.dll

Deoptimization events (20 events):
Event: 10.914 Thread 0x00000221c589f8e0 Uncommon trap: trap_request=0xffffff45 fr.pc=0x00000221d0b20c64 relative=0x0000000000000144
Event: 10.914 Thread 0x00000221c589f8e0 Uncommon trap: reason=unstable_if action=reinterpret pc=0x00000221d0b20c64 method=org.jetbrains.kotlin.ir.IrElementBase.findAttributeIndex(Lorg/jetbrains/kotlin/ir/IrAttribute;)I @ 24 c2
Event: 10.914 Thread 0x00000221c589f8e0 DEOPT PACKING pc=0x00000221d0b20c64 sp=0x000000de4d2fc570
Event: 10.914 Thread 0x00000221c589f8e0 DEOPT UNPACKING pc=0x00000221cff77da2 sp=0x000000de4d2fc4f0 mode 2
Event: 10.966 Thread 0x00000221c589f8e0 Uncommon trap: trap_request=0xffffff45 fr.pc=0x00000221d0b2f308 relative=0x00000000000000e8
Event: 10.966 Thread 0x00000221c589f8e0 Uncommon trap: reason=unstable_if action=reinterpret pc=0x00000221d0b2f308 method=org.jetbrains.kotlin.codegen.optimization.temporaryVals.TemporaryVariablesEliminationTransformer.matchOpcodes(Lorg/jetbrains/org/objectweb/asm/tree/AbstractInsnNode;[I)Z @ 3
Event: 10.966 Thread 0x00000221c589f8e0 DEOPT PACKING pc=0x00000221d0b2f308 sp=0x000000de4d2fd7c0
Event: 10.966 Thread 0x00000221c589f8e0 DEOPT UNPACKING pc=0x00000221cff77da2 sp=0x000000de4d2fd740 mode 2
Event: 10.969 Thread 0x00000221c589f8e0 Uncommon trap: trap_request=0xffffffc6 fr.pc=0x00000221d0a09d14 relative=0x00000000000006d4
Event: 10.969 Thread 0x00000221c589f8e0 Uncommon trap: reason=bimorphic_or_optimized_type_check action=maybe_recompile pc=0x00000221d0a09d14 method=kotlin.collections.CollectionsKt___CollectionsKt.toList(Ljava/lang/Iterable;)Ljava/util/List; @ 76 c2
Event: 10.969 Thread 0x00000221c589f8e0 DEOPT PACKING pc=0x00000221d0a09d14 sp=0x000000de4d2fd820
Event: 10.969 Thread 0x00000221c589f8e0 DEOPT UNPACKING pc=0x00000221cff77da2 sp=0x000000de4d2fd7f0 mode 2
Event: 11.036 Thread 0x00000221c589f8e0 Uncommon trap: trap_request=0xffffff45 fr.pc=0x00000221d0b33814 relative=0x0000000000000174
Event: 11.036 Thread 0x00000221c589f8e0 Uncommon trap: reason=unstable_if action=reinterpret pc=0x00000221d0b33814 method=org.jetbrains.kotlin.codegen.inline.InlineCodegenUtilsKt.isInlineMarker(Lorg/jetbrains/org/objectweb/asm/tree/AbstractInsnNode;Ljava/lang/String;)Z @ 33 c2
Event: 11.036 Thread 0x00000221c589f8e0 DEOPT PACKING pc=0x00000221d0b33814 sp=0x000000de4d2fcbe0
Event: 11.036 Thread 0x00000221c589f8e0 DEOPT UNPACKING pc=0x00000221cff77da2 sp=0x000000de4d2fcb08 mode 2
Event: 11.036 Thread 0x00000221c589f8e0 Uncommon trap: trap_request=0xffffff45 fr.pc=0x00000221d0b2868c relative=0x000000000000016c
Event: 11.036 Thread 0x00000221c589f8e0 Uncommon trap: reason=unstable_if action=reinterpret pc=0x00000221d0b2868c method=org.jetbrains.kotlin.codegen.inline.InlineCodegenUtilsKt.isInlineMarker(Lorg/jetbrains/org/objectweb/asm/tree/AbstractInsnNode;Ljava/lang/String;)Z @ 33 c2
Event: 11.036 Thread 0x00000221c589f8e0 DEOPT PACKING pc=0x00000221d0b2868c sp=0x000000de4d2fcb70
Event: 11.036 Thread 0x00000221c589f8e0 DEOPT UNPACKING pc=0x00000221cff77da2 sp=0x000000de4d2fcb08 mode 2

Classes loaded (20 events):
Event: 9.119 Loading class sun/security/util/MessageDigestSpi2 done
Event: 9.119 Loading class java/security/MessageDigest$Delegate done
Event: 9.119 Loading class java/security/MessageDigest$Delegate$CloneableDelegate
Event: 9.119 Loading class java/security/MessageDigest$Delegate$CloneableDelegate done
Event: 9.119 Loading class sun/security/provider/ByteArrayAccess$LE
Event: 9.119 Loading class sun/security/provider/ByteArrayAccess$LE done
Event: 9.119 Loading class sun/security/provider/ByteArrayAccess
Event: 9.119 Loading class sun/security/provider/ByteArrayAccess done
Event: 9.119 Loading class java/util/Base64
Event: 9.120 Loading class java/util/Base64 done
Event: 9.120 Loading class java/util/Base64$Encoder
Event: 9.120 Loading class java/util/Base64$Encoder done
Event: 9.511 Loading class java/lang/TypeNotPresentException
Event: 9.511 Loading class java/lang/TypeNotPresentException done
Event: 9.534 Loading class java/util/function/ToIntFunction
Event: 9.534 Loading class java/util/function/ToIntFunction done
Event: 10.621 Loading class java/util/concurrent/ConcurrentHashMap$KeyIterator
Event: 10.621 Loading class java/util/concurrent/ConcurrentHashMap$KeyIterator done
Event: 10.648 Loading class java/util/Vector$Itr
Event: 10.648 Loading class java/util/Vector$Itr done

Classes unloaded (0 events):
No events

Classes redefined (0 events):
No events

Internal exceptions (20 events):
Event: 8.284 Thread 0x00000221c589f8e0 Exception <a 'java/lang/NoSuchMethodError'{0x0000000711c82320}: 'java.lang.Object java.lang.invoke.DirectMethodHandle$Holder.invokeStatic(java.lang.Object, java.lang.Object, java.lang.Object, java.lang.Object, java.lang.Object, int, java.lang.Object, java.lang.Object)'> (0x0000000711c82320) 
thrown [s\src\hotspot\share\interpreter\linkResolver.cpp, line 784]
Event: 8.487 Thread 0x00000221c589f8e0 Exception <a 'java/lang/NoSuchMethodError'{0x000000070e7f1b48}: 'java.lang.Object java.lang.invoke.DirectMethodHandle$Holder.newInvokeSpecial(java.lang.Object, int, java.lang.Object, int)'> (0x000000070e7f1b48) 
thrown [s\src\hotspot\share\interpreter\linkResolver.cpp, line 784]
Event: 8.679 Thread 0x00000221c589f8e0 Exception <a 'java/lang/NoSuchMethodError'{0x000000070de3a820}: 'java.lang.Object java.lang.invoke.DirectMethodHandle$Holder.newInvokeSpecial(java.lang.Object, java.lang.Object, java.lang.Object, int, int, java.lang.Object)'> (0x000000070de3a820) 
thrown [s\src\hotspot\share\interpreter\linkResolver.cpp, line 784]
Event: 8.679 Thread 0x00000221c589f8e0 Exception <a 'java/lang/NoSuchMethodError'{0x000000070de3eaf0}: 'java.lang.Object java.lang.invoke.DirectMethodHandle$Holder.invokeSpecial(java.lang.Object, java.lang.Object, java.lang.Object, java.lang.Object, int, int, java.lang.Object)'> (0x000000070de3eaf0) 
thrown [s\src\hotspot\share\interpreter\linkResolver.cpp, line 784]
Event: 8.679 Thread 0x00000221c589f8e0 Exception <a 'java/lang/NoSuchMethodError'{0x000000070de42378}: 'java.lang.Object java.lang.invoke.Invokers$Holder.linkToTargetMethod(java.lang.Object, java.lang.Object, int, int, java.lang.Object, java.lang.Object)'> (0x000000070de42378) 
thrown [s\src\hotspot\share\interpreter\linkResolver.cpp, line 784]
Event: 9.088 Thread 0x00000221c589f8e0 Exception <a 'java/lang/NoSuchMethodError'{0x000000070cc6ab70}: 'java.lang.Object java.lang.invoke.DirectMethodHandle$Holder.invokeStatic(java.lang.Object, java.lang.Object, java.lang.Object, java.lang.Object, int, java.lang.Object)'> (0x000000070cc6ab70) 
thrown [s\src\hotspot\share\interpreter\linkResolver.cpp, line 784]
Event: 9.185 Thread 0x00000221c589f8e0 Exception <a 'java/lang/NoSuchMethodError'{0x000000070cb87f58}: 'java.lang.Object java.lang.invoke.DirectMethodHandle$Holder.newInvokeSpecial(java.lang.Object, java.lang.Object, int, java.lang.Object)'> (0x000000070cb87f58) 
thrown [s\src\hotspot\share\interpreter\linkResolver.cpp, line 784]
Event: 9.185 Thread 0x00000221c589f8e0 Exception <a 'java/lang/NoSuchMethodError'{0x000000070cb8bfd0}: 'java.lang.Object java.lang.invoke.DirectMethodHandle$Holder.invokeSpecial(java.lang.Object, java.lang.Object, java.lang.Object, int, java.lang.Object)'> (0x000000070cb8bfd0) 
thrown [s\src\hotspot\share\interpreter\linkResolver.cpp, line 784]
Event: 9.185 Thread 0x00000221c589f8e0 Exception <a 'java/lang/NoSuchMethodError'{0x000000070cb8f9a0}: 'java.lang.Object java.lang.invoke.Invokers$Holder.linkToTargetMethod(java.lang.Object, int, java.lang.Object, java.lang.Object)'> (0x000000070cb8f9a0) 
thrown [s\src\hotspot\share\interpreter\linkResolver.cpp, line 784]
Event: 9.372 Thread 0x00000221c589f8e0 Exception <a 'java/lang/NoSuchMethodError'{0x000000070c237470}: 'java.lang.Object java.lang.invoke.DirectMethodHandle$Holder.invokeStatic(java.lang.Object, java.lang.Object, java.lang.Object, java.lang.Object, java.lang.Object, java.lang.Object, java.lang.Object, int, java.lang.Object, java.lang.Object)'> (0x000000070c237470) 
thrown [s\src\hotspot\share\interpreter\linkResolver.cpp, line 784]
Event: 9.579 Thread 0x00000221c589f8e0 Exception <a 'java/lang/NoSuchMethodError'{0x000000070baf8a18}: 'java.lang.Object java.lang.invoke.DirectMethodHandle$Holder.invokeStatic(java.lang.Object, int, int)'> (0x000000070baf8a18) 
thrown [s\src\hotspot\share\interpreter\linkResolver.cpp, line 784]
Event: 10.714 Thread 0x00000221c589f8e0 Exception <a 'java/lang/NoSuchMethodError'{0x0000000713a77658}: 'java.lang.Object java.lang.invoke.DirectMethodHandle$Holder.newInvokeSpecial(java.lang.Object, java.lang.Object, java.lang.Object, java.lang.Object, java.lang.Object, int, java.lang.Object)'> (0x0000000713a77658) 
thrown [s\src\hotspot\share\interpreter\linkResolver.cpp, line 784]
Event: 10.714 Thread 0x00000221c589f8e0 Exception <a 'java/lang/NoSuchMethodError'{0x0000000713a7b848}: 'java.lang.Object java.lang.invoke.DirectMethodHandle$Holder.invokeSpecial(java.lang.Object, java.lang.Object, java.lang.Object, java.lang.Object, java.lang.Object, java.lang.Object, int, java.lang.Object)'> (0x0000000713a7b848) 
thrown [s\src\hotspot\share\interpreter\linkResolver.cpp, line 784]
Event: 10.714 Thread 0x00000221c589f8e0 Exception <a 'java/lang/NoSuchMethodError'{0x0000000713a7efb8}: 'java.lang.Object java.lang.invoke.Invokers$Holder.linkToTargetMethod(java.lang.Object, java.lang.Object, java.lang.Object, java.lang.Object, int, java.lang.Object, java.lang.Object)'> (0x0000000713a7efb8) 
thrown [s\src\hotspot\share\interpreter\linkResolver.cpp, line 784]
Event: 10.808 Thread 0x00000221c589f8e0 Exception <a 'java/lang/NoSuchMethodError'{0x0000000711c6cfa8}: 'java.lang.Object java.lang.invoke.DirectMethodHandle$Holder.newInvokeSpecial(java.lang.Object, java.lang.Object, java.lang.Object, java.lang.Object, int, java.lang.Object)'> (0x0000000711c6cfa8) 
thrown [s\src\hotspot\share\interpreter\linkResolver.cpp, line 784]
Event: 10.809 Thread 0x00000221c589f8e0 Exception <a 'java/lang/NoSuchMethodError'{0x0000000711c71a88}: 'java.lang.Object java.lang.invoke.DirectMethodHandle$Holder.invokeSpecial(java.lang.Object, java.lang.Object, java.lang.Object, java.lang.Object, java.lang.Object, int, java.lang.Object)'> (0x0000000711c71a88) 
thrown [s\src\hotspot\share\interpreter\linkResolver.cpp, line 784]
Event: 10.809 Thread 0x00000221c589f8e0 Exception <a 'java/lang/NoSuchMethodError'{0x0000000711c75e70}: 'java.lang.Object java.lang.invoke.Invokers$Holder.linkToTargetMethod(java.lang.Object, java.lang.Object, java.lang.Object, int, java.lang.Object, java.lang.Object)'> (0x0000000711c75e70) 
thrown [s\src\hotspot\share\interpreter\linkResolver.cpp, line 784]
Event: 10.866 Thread 0x00000221c589f8e0 Exception <a 'java/lang/NoSuchMethodError'{0x0000000711ab3580}: 'java.lang.Object java.lang.invoke.DirectMethodHandle$Holder.newInvokeSpecial(java.lang.Object, int, int, java.lang.Object)'> (0x0000000711ab3580) 
thrown [s\src\hotspot\share\interpreter\linkResolver.cpp, line 784]
Event: 10.866 Thread 0x00000221c589f8e0 Exception <a 'java/lang/NoSuchMethodError'{0x0000000711ab7800}: 'java.lang.Object java.lang.invoke.DirectMethodHandle$Holder.invokeSpecial(java.lang.Object, java.lang.Object, int, int, java.lang.Object)'> (0x0000000711ab7800) 
thrown [s\src\hotspot\share\interpreter\linkResolver.cpp, line 784]
Event: 10.867 Thread 0x00000221c589f8e0 Exception <a 'java/lang/NoSuchMethodError'{0x0000000711ac4998}: 'java.lang.Object java.lang.invoke.DirectMethodHandle$Holder.invokeStatic(java.lang.Object, java.lang.Object, int, int, java.lang.Object)'> (0x0000000711ac4998) 
thrown [s\src\hotspot\share\interpreter\linkResolver.cpp, line 784]

ZGC Phase Switch (0 events):
No events

VM Operations (20 events):
Event: 10.686 Executing VM operation: G1CollectForAllocation (G1 Evacuation Pause)
Event: 10.699 Executing VM operation: G1CollectForAllocation (G1 Evacuation Pause) done
Event: 10.709 Executing VM operation: HandshakeAllThreads (Deoptimize)
Event: 10.709 Executing VM operation: HandshakeAllThreads (Deoptimize) done
Event: 10.718 Executing VM operation: HandshakeAllThreads (Deoptimize)
Event: 10.718 Executing VM operation: HandshakeAllThreads (Deoptimize) done
Event: 10.801 Executing VM operation: HandshakeAllThreads (Deoptimize)
Event: 10.801 Executing VM operation: HandshakeAllThreads (Deoptimize) done
Event: 10.889 Executing VM operation: HandshakeAllThreads (Deoptimize)
Event: 10.889 Executing VM operation: HandshakeAllThreads (Deoptimize) done
Event: 10.906 Executing VM operation: ICBufferFull
Event: 10.906 Executing VM operation: ICBufferFull done
Event: 10.980 Executing VM operation: HandshakeAllThreads (Deoptimize)
Event: 10.980 Executing VM operation: HandshakeAllThreads (Deoptimize) done
Event: 11.983 Executing VM operation: Cleanup
Event: 11.983 Executing VM operation: Cleanup done
Event: 13.055 Executing VM operation: HandshakeAllThreads (Deoptimize)
Event: 13.055 Executing VM operation: HandshakeAllThreads (Deoptimize) done
Event: 14.056 Executing VM operation: HandshakeAllThreads (Deoptimize)
Event: 14.056 Executing VM operation: HandshakeAllThreads (Deoptimize) done

Memory protections (0 events):
No events

Nmethod flushes (20 events):
Event: 5.791 Thread 0x00000221df65e750 flushing  nmethod 0x00000221c8bf5890
Event: 5.791 Thread 0x00000221df65e750 flushing  nmethod 0x00000221c8bf6810
Event: 5.791 Thread 0x00000221df65e750 flushing  nmethod 0x00000221c8bf7810
Event: 5.791 Thread 0x00000221df65e750 flushing  nmethod 0x00000221c8bfa910
Event: 5.791 Thread 0x00000221df65e750 flushing  nmethod 0x00000221c8bfb190
Event: 5.791 Thread 0x00000221df65e750 flushing  nmethod 0x00000221c8c03f90
Event: 5.791 Thread 0x00000221df65e750 flushing  nmethod 0x00000221c8c04910
Event: 5.791 Thread 0x00000221df65e750 flushing  nmethod 0x00000221c8c05210
Event: 5.791 Thread 0x00000221df65e750 flushing  nmethod 0x00000221c8c06690
Event: 5.791 Thread 0x00000221df65e750 flushing  nmethod 0x00000221c8c08990
Event: 5.791 Thread 0x00000221df65e750 flushing  nmethod 0x00000221c8c09c10
Event: 5.791 Thread 0x00000221df65e750 flushing  nmethod 0x00000221c8c0a510
Event: 5.791 Thread 0x00000221df65e750 flushing  nmethod 0x00000221c8c0c290
Event: 5.791 Thread 0x00000221df65e750 flushing  nmethod 0x00000221c8c0e010
Event: 5.791 Thread 0x00000221df65e750 flushing  nmethod 0x00000221c8c76f10
Event: 5.791 Thread 0x00000221df65e750 flushing  nmethod 0x00000221c8c77610
Event: 5.791 Thread 0x00000221df65e750 flushing  nmethod 0x00000221c8c78090
Event: 5.791 Thread 0x00000221df65e750 flushing  nmethod 0x00000221c8c93810
Event: 5.791 Thread 0x00000221df65e750 flushing  nmethod 0x00000221c8d04510
Event: 5.791 Thread 0x00000221df65e750 flushing  nmethod 0x00000221c8d04f10

Events (20 events):
Event: 1.285 Thread 0x00000221dfa81d40 Thread added: 0x00000221e4fd40f0
Event: 1.837 Thread 0x00000221e4fd40f0 Thread exited: 0x00000221e4fd40f0
Event: 1.837 Thread 0x00000221dfa81d40 Thread exited: 0x00000221dfa81d40
Event: 1.886 Thread 0x00000221df840ca0 Thread added: 0x00000221e6797420
Event: 2.126 Thread 0x00000221e6797420 Thread exited: 0x00000221e6797420
Event: 2.385 Thread 0x00000221df840ca0 Thread added: 0x00000221e5c11ad0
Event: 2.489 Thread 0x00000221df840ca0 Thread added: 0x00000221e74aef30
Event: 2.703 Thread 0x00000221e74aef30 Thread exited: 0x00000221e74aef30
Event: 2.721 Thread 0x00000221df855770 Thread added: 0x00000221e781efb0
Event: 4.784 Thread 0x00000221e781efb0 Thread exited: 0x00000221e781efb0
Event: 4.785 Thread 0x00000221e5c11ad0 Thread exited: 0x00000221e5c11ad0
Event: 5.042 Thread 0x00000221df840ca0 Thread added: 0x00000221e7ce1060
Event: 5.768 Thread 0x00000221df840ca0 Thread added: 0x00000221e58c7ac0
Event: 6.489 Thread 0x00000221e7ce1060 Thread exited: 0x00000221e7ce1060
Event: 6.489 Thread 0x00000221e58c7ac0 Thread exited: 0x00000221e58c7ac0
Event: 6.740 Thread 0x00000221df840ca0 Thread added: 0x00000221e58c9cd0
Event: 6.995 Thread 0x00000221df840ca0 Thread added: 0x00000221e58c73f0
Event: 10.610 Thread 0x00000221e58c73f0 Thread exited: 0x00000221e58c73f0
Event: 10.615 Thread 0x00000221e58c9cd0 Thread exited: 0x00000221e58c9cd0
Event: 11.024 Thread 0x00000221df840ca0 Thread added: 0x00000221e5486400


Dynamic libraries:
0x00007ff75a3b0000 - 0x00007ff75a3ba000 	C:\Program Files\Android\Android Studio1\jbr\bin\java.exe
0x00007ffb2cfc0000 - 0x00007ffb2d228000 	C:\windows\SYSTEM32\ntdll.dll
0x00007ffb2c0e0000 - 0x00007ffb2c1a9000 	C:\windows\System32\KERNEL32.DLL
0x00007ffb2a960000 - 0x00007ffb2ad58000 	C:\windows\System32\KERNELBASE.dll
0x00007ffb2a5a0000 - 0x00007ffb2a6eb000 	C:\windows\System32\ucrtbase.dll
0x00007ffb10db0000 - 0x00007ffb10dc8000 	C:\Program Files\Android\Android Studio1\jbr\bin\jli.dll
0x00007ffb16060000 - 0x00007ffb1607b000 	C:\Program Files\Android\Android Studio1\jbr\bin\VCRUNTIME140.dll
0x00007ffb2c1b0000 - 0x00007ffb2c377000 	C:\windows\System32\USER32.dll
0x00007ffb2a570000 - 0x00007ffb2a597000 	C:\windows\System32\win32u.dll
0x00007ffb2ce80000 - 0x00007ffb2ceab000 	C:\windows\System32\GDI32.dll
0x00007ffb12aa0000 - 0x00007ffb12d34000 	C:\windows\WinSxS\amd64_microsoft.windows.common-controls_6595b64144ccf1df_6.0.26100.7019_none_3e06ffa0e335b8a8\COMCTL32.dll
0x00007ffb2b1c0000 - 0x00007ffb2b269000 	C:\windows\System32\msvcrt.dll
0x00007ffb2a830000 - 0x00007ffb2a95c000 	C:\windows\System32\gdi32full.dll
0x00007ffb2a780000 - 0x00007ffb2a823000 	C:\windows\System32\msvcp_win.dll
0x00007ffb2ceb0000 - 0x00007ffb2cee1000 	C:\windows\System32\IMM32.DLL
0x00007ffb21fb0000 - 0x00007ffb21fbc000 	C:\Program Files\Android\Android Studio1\jbr\bin\vcruntime140_1.dll
0x00007ffad90d0000 - 0x00007ffad915d000 	C:\Program Files\Android\Android Studio1\jbr\bin\msvcp140.dll
0x00007ffab0be0000 - 0x00007ffab1876000 	C:\Program Files\Android\Android Studio1\jbr\bin\server\jvm.dll
0x00007ffb2ba60000 - 0x00007ffb2bb14000 	C:\windows\System32\ADVAPI32.dll
0x00007ffb2c8d0000 - 0x00007ffb2c976000 	C:\windows\System32\sechost.dll
0x00007ffb2ade0000 - 0x00007ffb2aef8000 	C:\windows\System32\RPCRT4.dll
0x00007ffb2cf00000 - 0x00007ffb2cf74000 	C:\windows\System32\WS2_32.dll
0x00007ffb29f70000 - 0x00007ffb29fce000 	C:\windows\SYSTEM32\POWRPROF.dll
0x00007ffb1e880000 - 0x00007ffb1e8b5000 	C:\windows\SYSTEM32\WINMM.dll
0x00007ffb161a0000 - 0x00007ffb161ab000 	C:\windows\SYSTEM32\VERSION.dll
0x00007ffb29f50000 - 0x00007ffb29f64000 	C:\windows\SYSTEM32\UMPDC.dll
0x00007ffb28d60000 - 0x00007ffb28d7b000 	C:\windows\SYSTEM32\kernel.appcore.dll
0x00007ffb21f70000 - 0x00007ffb21f7a000 	C:\Program Files\Android\Android Studio1\jbr\bin\jimage.dll
0x00007ffb27440000 - 0x00007ffb27682000 	C:\windows\SYSTEM32\DBGHELP.DLL
0x00007ffb2c980000 - 0x00007ffb2cd0b000 	C:\windows\System32\combase.dll
0x00007ffb2bd90000 - 0x00007ffb2be67000 	C:\windows\System32\OLEAUT32.dll
0x00007ffb0b530000 - 0x00007ffb0b56c000 	C:\windows\SYSTEM32\dbgcore.DLL
0x00007ffb2a110000 - 0x00007ffb2a1b5000 	C:\windows\System32\bcryptPrimitives.dll
0x00007ffb11470000 - 0x00007ffb11490000 	C:\Program Files\Android\Android Studio1\jbr\bin\java.dll
0x00007ffb112d0000 - 0x00007ffb112e8000 	C:\Program Files\Android\Android Studio1\jbr\bin\zip.dll
0x00007ffb2b280000 - 0x00007ffb2b9cf000 	C:\windows\System32\SHELL32.dll
0x00007ffb2a1c0000 - 0x00007ffb2a32b000 	C:\windows\System32\wintypes.dll
0x00007ffb279c0000 - 0x00007ffb2821d000 	C:\windows\SYSTEM32\windows.storage.dll
0x00007ffb2be70000 - 0x00007ffb2bf62000 	C:\windows\System32\SHCORE.dll
0x00007ffb2c380000 - 0x00007ffb2c3e7000 	C:\windows\System32\shlwapi.dll
0x00007ffb2a030000 - 0x00007ffb2a059000 	C:\windows\SYSTEM32\profapi.dll
0x00007ffb21f50000 - 0x00007ffb21f60000 	C:\Program Files\Android\Android Studio1\jbr\bin\net.dll
0x00007ffb28d80000 - 0x00007ffb28ea8000 	C:\windows\SYSTEM32\WINHTTP.dll
0x00007ffb293e0000 - 0x00007ffb2944b000 	C:\windows\system32\mswsock.dll
0x00007ffb11280000 - 0x00007ffb11296000 	C:\Program Files\Android\Android Studio1\jbr\bin\nio.dll
0x00007ffb12df0000 - 0x00007ffb12e00000 	C:\Program Files\Android\Android Studio1\jbr\bin\verify.dll

JVMTI agents: none

dbghelp: loaded successfully - version: 4.0.5 - missing functions: none
symbol engine: initialized successfully - sym options: 0x614 - pdb path: .;C:\Program Files\Android\Android Studio1\jbr\bin;C:\windows\SYSTEM32;C:\windows\WinSxS\amd64_microsoft.windows.common-controls_6595b64144ccf1df_6.0.26100.7019_none_3e06ffa0e335b8a8;C:\Program Files\Android\Android Studio1\jbr\bin\server

VM Arguments:
java_command: org.jetbrains.kotlin.cli.jvm.K2JVMCompiler @C:\Project-Group\expense-tracker-tut\app\build\20260123_8892257391055512762.compiler.options
java_class_path (initial): C:\Users\Pranshu.Katiyar\.gradle\caches\modules-2\files-2.1\org.jetbrains.kotlin\kotlin-compiler-embeddable\2.0.21\79346ed53db48b18312a472602eb5c057070c54d\kotlin-compiler-embeddable-2.0.21.jar;C:\Users\Pranshu.Katiyar\.gradle\caches\modules-2\files-2.1\org.jetbrains.kotlin\kotlin-stdlib\2.0.21\618b539767b4899b4660a83006e052b63f1db551\kotlin-stdlib-2.0.21.jar;C:\Users\Pranshu.Katiyar\.gradle\caches\modules-2\files-2.1\org.jetbrains.kotlin\kotlin-script-runtime\2.0.21\c9b044380ad41f89aa89aa896c2d32a8c0b2129d\kotlin-script-runtime-2.0.21.jar;C:\Users\Pranshu.Katiyar\.gradle\caches\modules-2\files-2.1\org.jetbrains.kotlin\kotlin-reflect\1.6.10\1cbe9c92c12a94eea200d23c2bbaedaf3daf5132\kotlin-reflect-1.6.10.jar;C:\Users\Pranshu.Katiyar\.gradle\caches\modules-2\files-2.1\org.jetbrains.kotlin\kotlin-daemon-embeddable\2.0.21\c9e933b23287de9b5a17e2116b4657bb91aea72c\kotlin-daemon-embeddable-2.0.21.jar;C:\Users\Pranshu.Katiyar\.gradle\caches\modules-2\files-2.1\org.jetbrains.intellij.deps\trove4j\1.0.20200330\3afb14d5f9ceb459d724e907a21145e8ff394f02\trove4j-1.0.20200330.jar;C:\Users\Pranshu.Katiyar\.gradle\caches\modules-2\files-2.1\org.jetbrains.kotlinx\kotlinx-coroutines-core-jvm\1.6.4\2c997cd1c0ef33f3e751d3831929aeff1390cb30\kotlinx-coroutines-core-jvm-1.6.4.jar;C:\Users\Pranshu.Katiyar\.gradle\caches\modules-2\files-2.1\org.jetbrains\annotations\13.0\919f0dfe192fb4e063e7dacadee7f8bb9a2672a9\annotations-13.0.jar
Launcher Type: SUN_STANDARD

[Global flags]
     intx CICompilerCount                          = 4                                         {product} {ergonomic}
     uint ConcGCThreads                            = 2                                         {product} {ergonomic}
     uint G1ConcRefinementThreads                  = 8                                         {product} {ergonomic}
   size_t G1HeapRegionSize                         = 2097152                                   {product} {ergonomic}
    uintx GCDrainStackTargetSize                   = 64                                        {product} {ergonomic}
   size_t InitialHeapSize                          = 264241152                                 {product} {ergonomic}
   size_t MarkStackSize                            = 4194304                                   {product} {ergonomic}
   size_t MaxHeapSize                              = 4227858432                                {product} {ergonomic}
   size_t MaxNewSize                               = 2535456768                                {product} {ergonomic}
   size_t MinHeapDeltaBytes                        = 2097152                                   {product} {ergonomic}
   size_t MinHeapSize                              = 8388608                                   {product} {ergonomic}
    uintx NonNMethodCodeHeapSize                   = 5839372                                {pd product} {ergonomic}
    uintx NonProfiledCodeHeapSize                  = 122909434                              {pd product} {ergonomic}
    uintx ProfiledCodeHeapSize                     = 122909434                              {pd product} {ergonomic}
    uintx ReservedCodeCacheSize                    = 251658240                              {pd product} {ergonomic}
     bool SegmentedCodeCache                       = true                                      {product} {ergonomic}
   size_t SoftMaxHeapSize                          = 4227858432                             {manageable} {ergonomic}
     bool UseCompressedOops                        = true                           {product lp64_product} {ergonomic}
     bool UseG1GC                                  = true                                      {product} {ergonomic}
     bool UseLargePagesIndividualAllocation        = false                                  {pd product} {ergonomic}

Logging:
Log output configuration:
 #0: stdout all=warning uptime,level,tags foldmultilines=false
 #1: stderr all=off uptime,level,tags foldmultilines=false

Environment Variables:
PATH=C:\Program Files\Common Files\Oracle\Java\javapath;C:\windows\system32;C:\windows;C:\windows\System32\Wbem;C:\windows\System32\WindowsPowerShell\v1.0\;C:\windows\System32\OpenSSH\;C:\kafka_2.12-3.9.0\bin;C:\kafka_2.12-3.9.0\bin\windows;C:\Program Files\nodejs\;C:\Program Files\MySQL\MySQL Shell 8.0\bin\;C:\Users\Pranshu.Katiyar\AppData\Local\Microsoft\WindowsApps;C:\Users\Pranshu.Katiyar\AppData\Local\Programs\Microsoft VS Code\bin;C:\Users\Pranshu.Katiyar\Downloads\apache-maven-3.8.9-bin\apache-maven-3.8.9\bin;C:\Users\Pranshu.Katiyar\AppData\Roaming\npm;C:\Users\Pranshu.Katiyar\AppData\Local\Programs\Git\cmd
USERNAME=Pranshu.Katiyar
OS=Windows_NT
PROCESSOR_IDENTIFIER=Intel64 Family 6 Model 140 Stepping 1, GenuineIntel
TMP=C:\Users\PRANSH~1.KAT\AppData\Local\Temp
TEMP=C:\Users\PRANSH~1.KAT\AppData\Local\Temp




Periodic native trim disabled

JNI global refs:
JNI global refs: 13, weak refs: 46

JNI global refs memory usage: 835, weak refs: 833

Process memory usage:
Resident Set Size: 438892K (2% of 16513828K total physical memory with 555676K free physical memory)

OOME stack traces (most recent first):
Classloader memory used:
Loader jdk.internal.loader.ClassLoaders$AppClassLoader                                 : 72786K
Loader bootstrap                                                                       : 11634K
Loader java.net.URLClassLoader                                                         : 2185K

---------------  S Y S T E M  ---------------

OS:
 Windows 11 , 64 bit Build 26100 (10.0.26100.7019)
OS uptime: 15 days 0:31 hours
Hyper-V role detected

CPU: total 8 (initial active 8) (4 cores per cpu, 2 threads per core) family 6 model 140 stepping 1 microcode 0xb8, cx8, cmov, fxsr, ht, mmx, 3dnowpref, sse, sse2, sse3, ssse3, sse4.1, sse4.2, popcnt, lzcnt, tsc, tscinvbit, avx, avx2, aes, erms, clmul, bmi1, bmi2, adx, avx512f, avx512dq, avx512cd, avx512bw, avx512vl, sha, fma, vzeroupper, avx512_vpopcntdq, avx512_vpclmulqdq, avx512_vaes, avx512_vnni, clflush, clflushopt, clwb, avx512_vbmi2, avx512_vbmi, hv, rdtscp, rdpid, fsrm, gfni, avx512_bitalg, f16c, cet_ibt, cet_ss, avx512_ifma
Processor Information for the first 8 processors :
  Max Mhz: 1382, Current Mhz: 1382, Mhz Limit: 1382

Memory: 4k page, system-wide physical 16126M (539M free)
TotalPageFile size 28414M (AvailPageFile size 0M)
current process WorkingSet (physical memory assigned to process): 430M, peak: 444M
current process commit charge ("private bytes"): 458M, peak: 471M

vm_info: OpenJDK 64-Bit Server VM (21.0.8+-14196175-b1038.72) for windows-amd64 JRE (21.0.8+-14196175-b1038.72), built on 2025-10-01T10:24:33Z by "builder" with MS VC++ 16.10 / 16.11 (VS2019)

END.
